Converter {
    proc_name: "Main",
    ssa: BraunConverter {
        blocks: [
            Block {
                id: 0,
                preds: [
                    6,
                ],
                assignments: [],
            },
            Block {
                id: 1,
                preds: [],
                assignments: [
                    (
                        "a.0",
                        Unsigned {
                            numb: 1,
                        },
                    ),
                ],
            },
            Block {
                id: 2,
                preds: [
                    3,
                ],
                assignments: [
                    (
                        "b.0",
                        Unsigned {
                            numb: 3,
                        },
                    ),
                ],
            },
            Block {
                id: 3,
                preds: [
                    1,
                ],
                assignments: [],
            },
            Block {
                id: 4,
                preds: [
                    3,
                ],
                assignments: [
                    (
                        "b.1",
                        Unsigned {
                            numb: 2,
                        },
                    ),
                ],
            },
            Block {
                id: 5,
                preds: [
                    4,
                    2,
                ],
                assignments: [],
            },
            Block {
                id: 6,
                preds: [
                    5,
                ],
                assignments: [],
            },
        ],
        crnt_def: {
            3: {
                "a": Var {
                    name: "a.0",
                },
            },
            4: {
                "b": Var {
                    name: "b.1",
                },
            },
            6: {
                "b": Phi {
                    phi: RefCell {
                        value: Phi {
                            name: "b",
                            blk_id: 5,
                            ops: [
                                Var {
                                    name: "b.1",
                                },
                                Var {
                                    name: "b.0",
                                },
                            ],
                            users: {},
                        },
                    },
                },
            },
            2: {
                "b": Var {
                    name: "b.0",
                },
            },
            1: {
                "a": Var {
                    name: "a.0",
                },
            },
            5: {
                "b": Phi {
                    phi: RefCell {
                        value: Phi {
                            name: "b",
                            blk_id: 5,
                            ops: [
                                Var {
                                    name: "b.1",
                                },
                                Var {
                                    name: "b.0",
                                },
                            ],
                            users: {},
                        },
                    },
                },
            },
        },
        incomplete_phis: {},
        sealed_blocks: {
            6,
            5,
            4,
            2,
            1,
            3,
            0,
        },
        blk_count: 7,
    },
    proc_entry: Some(
        1,
    ),
    proc_exit: Some(
        0,
    ),
    blk_kinds: [
        Simple,
        Simple,
        Simple,
        Match {
            cond: BinOp {
                op: Eql,
                left: Var {
                    name: "a.0",
                },
                right: Unsigned {
                    numb: 1,
                },
            },
            cases: [
                (
                    Ctr {
                        name: "True",
                        args: [],
                    },
                    4,
                ),
                (
                    Ctr {
                        name: "False",
                        args: [],
                    },
                    2,
                ),
            ],
            default: 2,
        },
        Simple,
        Simple,
        Return {
            dest: 0,
            val: Phi {
                phi: RefCell {
                    value: Phi {
                        name: "b",
                        blk_id: 5,
                        ops: [
                            Var {
                                name: "b.1",
                            },
                            Var {
                                name: "b.0",
                            },
                        ],
                        users: {},
                    },
                },
            },
        },
    ],
    names: {
        "a": 0,
        "b": 1,
    },
    scope_entry: None,
    scope_exit: None,
}